22:01:17 **** Build of configuration Release for project tcp_9361 ****
make all 
make --no-print-directory pre-build
a9-linaro-pre-build-step
' '
make --no-print-directory main-build
'Building file: ../src/axi_lite.c'
'Invoking: ARM v7 gcc compiler'
arm-none-eabi-gcc -Wall -O2 -c -fmessage-length=0 -MT"src/axi_lite.o" -mcpu=cortex-a9 -mfpu=vfpv3 -mfloat-abi=hard -ID:/Vivado_2019/Ming_Jian/16QAM/16M_16QAM/zed_9361_1107_1Msys/soc_vitis/zed_9361_tcp/export/zed_9361_tcp/sw/zed_9361_tcp/standalone_domain/bspinclude/include -MMD -MP -MF"src/axi_lite.d" -MT"src/axi_lite.o" -o "src/axi_lite.o" "../src/axi_lite.c"
'Finished building: ../src/axi_lite.c'
' '
'Building file: ../src/i2c_access.c'
'Invoking: ARM v7 gcc compiler'
arm-none-eabi-gcc -Wall -O2 -c -fmessage-length=0 -MT"src/i2c_access.o" -mcpu=cortex-a9 -mfpu=vfpv3 -mfloat-abi=hard -ID:/Vivado_2019/Ming_Jian/16QAM/16M_16QAM/zed_9361_1107_1Msys/soc_vitis/zed_9361_tcp/export/zed_9361_tcp/sw/zed_9361_tcp/standalone_domain/bspinclude/include -MMD -MP -MF"src/i2c_access.d" -MT"src/i2c_access.o" -o "src/i2c_access.o" "../src/i2c_access.c"
'Finished building: ../src/i2c_access.c'
' '
'Building file: ../src/iic_phyreset.c'
'Invoking: ARM v7 gcc compiler'
arm-none-eabi-gcc -Wall -O2 -c -fmessage-length=0 -MT"src/iic_phyreset.o" -mcpu=cortex-a9 -mfpu=vfpv3 -mfloat-abi=hard -ID:/Vivado_2019/Ming_Jian/16QAM/16M_16QAM/zed_9361_1107_1Msys/soc_vitis/zed_9361_tcp/export/zed_9361_tcp/sw/zed_9361_tcp/standalone_domain/bspinclude/include -MMD -MP -MF"src/iic_phyreset.d" -MT"src/iic_phyreset.o" -o "src/iic_phyreset.o" "../src/iic_phyreset.c"
'Finished building: ../src/iic_phyreset.c'
' '
'Building file: ../src/main.c'
'Invoking: ARM v7 gcc compiler'
arm-none-eabi-gcc -Wall -O2 -c -fmessage-length=0 -MT"src/main.o" -mcpu=cortex-a9 -mfpu=vfpv3 -mfloat-abi=hard -ID:/Vivado_2019/Ming_Jian/16QAM/16M_16QAM/zed_9361_1107_1Msys/soc_vitis/zed_9361_tcp/export/zed_9361_tcp/sw/zed_9361_tcp/standalone_domain/bspinclude/include -MMD -MP -MF"src/main.d" -MT"src/main.o" -o "src/main.o" "../src/main.c"
In file included from ../src/main.c:49:
D:/Vivado_2019/Ming_Jian/16QAM/16M_16QAM/zed_9361_1107_1Msys/soc_vitis/zed_9361_tcp/export/zed_9361_tcp/sw/zed_9361_tcp/standalone_domain/bspinclude/include/xtime_l.h:85:9: note: #pragma message: For the sleep routines, Global timer is being used
 #pragma message ("For the sleep routines, Global timer is being used")
         ^~~~~~~
../src/main.c: In function 'init_intr_sys':
../src/main.c:171:2: warning: implicit declaration of function 'init_platform'; did you mean 'inet_aton'? [-Wimplicit-function-declaration]
  init_platform();
  ^~~~~~~~~~~~~
  inet_aton
../src/main.c: In function 'main':
../src/main.c:311:36: warning: format '%d' expects argument of type 'int', but argument 2 has type 'int32_t' {aka 'long int'} [-Wformat=]
 printf("ad9361_phy,REG_PRODUCT_ID=%d\n\r",val);
                                   ~^      ~~~
                                   %ld
../src/main.c:428:4: warning: implicit declaration of function 'fdma_wr_set'; did you mean 'ip_addr_set'? [-Wimplicit-function-declaration]
    fdma_wr_set(0);
    ^~~~~~~~~~~
    ip_addr_set
'Finished building: ../src/main.c'
' '
'Building file: ../src/pl_intr.c'
'Invoking: ARM v7 gcc compiler'
arm-none-eabi-gcc -Wall -O2 -c -fmessage-length=0 -MT"src/pl_intr.o" -mcpu=cortex-a9 -mfpu=vfpv3 -mfloat-abi=hard -ID:/Vivado_2019/Ming_Jian/16QAM/16M_16QAM/zed_9361_1107_1Msys/soc_vitis/zed_9361_tcp/export/zed_9361_tcp/sw/zed_9361_tcp/standalone_domain/bspinclude/include -MMD -MP -MF"src/pl_intr.d" -MT"src/pl_intr.o" -o "src/pl_intr.o" "../src/pl_intr.c"
'Finished building: ../src/pl_intr.c'
' '
'Building file: ../src/platform.c'
'Invoking: ARM v7 gcc compiler'
arm-none-eabi-gcc -Wall -O2 -c -fmessage-length=0 -MT"src/platform.o" -mcpu=cortex-a9 -mfpu=vfpv3 -mfloat-abi=hard -ID:/Vivado_2019/Ming_Jian/16QAM/16M_16QAM/zed_9361_1107_1Msys/soc_vitis/zed_9361_tcp/export/zed_9361_tcp/sw/zed_9361_tcp/standalone_domain/bspinclude/include -MMD -MP -MF"src/platform.d" -MT"src/platform.o" -o "src/platform.o" "../src/platform.c"
'Finished building: ../src/platform.c'
' '
'Building file: ../src/platform_zynq.c'
'Invoking: ARM v7 gcc compiler'
arm-none-eabi-gcc -Wall -O2 -c -fmessage-length=0 -MT"src/platform_zynq.o" -mcpu=cortex-a9 -mfpu=vfpv3 -mfloat-abi=hard -ID:/Vivado_2019/Ming_Jian/16QAM/16M_16QAM/zed_9361_1107_1Msys/soc_vitis/zed_9361_tcp/export/zed_9361_tcp/sw/zed_9361_tcp/standalone_domain/bspinclude/include -MMD -MP -MF"src/platform_zynq.d" -MT"src/platform_zynq.o" -o "src/platform_zynq.o" "../src/platform_zynq.c"
In file included from ../src/platform_zynq.c:60:
D:/Vivado_2019/Ming_Jian/16QAM/16M_16QAM/zed_9361_1107_1Msys/soc_vitis/zed_9361_tcp/export/zed_9361_tcp/sw/zed_9361_tcp/standalone_domain/bspinclude/include/xtime_l.h:85:9: note: #pragma message: For the sleep routines, Global timer is being used
 #pragma message ("For the sleep routines, Global timer is being used")
         ^~~~~~~
'Finished building: ../src/platform_zynq.c'
' '
'Building file: ../src/sccb_iic.c'
'Invoking: ARM v7 gcc compiler'
arm-none-eabi-gcc -Wall -O2 -c -fmessage-length=0 -MT"src/sccb_iic.o" -mcpu=cortex-a9 -mfpu=vfpv3 -mfloat-abi=hard -ID:/Vivado_2019/Ming_Jian/16QAM/16M_16QAM/zed_9361_1107_1Msys/soc_vitis/zed_9361_tcp/export/zed_9361_tcp/sw/zed_9361_tcp/standalone_domain/bspinclude/include -MMD -MP -MF"src/sccb_iic.d" -MT"src/sccb_iic.o" -o "src/sccb_iic.o" "../src/sccb_iic.c"
'Finished building: ../src/sccb_iic.c'
' '
'Building file: ../src/sfp.c'
'Invoking: ARM v7 gcc compiler'
arm-none-eabi-gcc -Wall -O2 -c -fmessage-length=0 -MT"src/sfp.o" -mcpu=cortex-a9 -mfpu=vfpv3 -mfloat-abi=hard -ID:/Vivado_2019/Ming_Jian/16QAM/16M_16QAM/zed_9361_1107_1Msys/soc_vitis/zed_9361_tcp/export/zed_9361_tcp/sw/zed_9361_tcp/standalone_domain/bspinclude/include -MMD -MP -MF"src/sfp.d" -MT"src/sfp.o" -o "src/sfp.o" "../src/sfp.c"
'Finished building: ../src/sfp.c'
' '
'Building file: ../src/si5324.c'
'Invoking: ARM v7 gcc compiler'
arm-none-eabi-gcc -Wall -O2 -c -fmessage-length=0 -MT"src/si5324.o" -mcpu=cortex-a9 -mfpu=vfpv3 -mfloat-abi=hard -ID:/Vivado_2019/Ming_Jian/16QAM/16M_16QAM/zed_9361_1107_1Msys/soc_vitis/zed_9361_tcp/export/zed_9361_tcp/sw/zed_9361_tcp/standalone_domain/bspinclude/include -MMD -MP -MF"src/si5324.d" -MT"src/si5324.o" -o "src/si5324.o" "../src/si5324.c"
'Finished building: ../src/si5324.c'
' '
'Building file: ../src/sys_intr.c'
'Invoking: ARM v7 gcc compiler'
arm-none-eabi-gcc -Wall -O2 -c -fmessage-length=0 -MT"src/sys_intr.o" -mcpu=cortex-a9 -mfpu=vfpv3 -mfloat-abi=hard -ID:/Vivado_2019/Ming_Jian/16QAM/16M_16QAM/zed_9361_1107_1Msys/soc_vitis/zed_9361_tcp/export/zed_9361_tcp/sw/zed_9361_tcp/standalone_domain/bspinclude/include -MMD -MP -MF"src/sys_intr.d" -MT"src/sys_intr.o" -o "src/sys_intr.o" "../src/sys_intr.c"
'Finished building: ../src/sys_intr.c'
' '
'Building file: ../src/tcp_client.c'
'Invoking: ARM v7 gcc compiler'
arm-none-eabi-gcc -Wall -O2 -c -fmessage-length=0 -MT"src/tcp_client.o" -mcpu=cortex-a9 -mfpu=vfpv3 -mfloat-abi=hard -ID:/Vivado_2019/Ming_Jian/16QAM/16M_16QAM/zed_9361_1107_1Msys/soc_vitis/zed_9361_tcp/export/zed_9361_tcp/sw/zed_9361_tcp/standalone_domain/bspinclude/include -MMD -MP -MF"src/tcp_client.d" -MT"src/tcp_client.o" -o "src/tcp_client.o" "../src/tcp_client.c"
../src/tcp_client.c: In function 'tcp_client_err':
../src/tcp_client.c:193:14: warning: implicit declaration of function 'get_time_ms'; did you mean 'getitimer'? [-Wimplicit-function-declaration]
  u64_t now = get_time_ms();
              ^~~~~~~~~~~
              getitimer
../src/tcp_client.c: In function 'tcp_send_perf_traffic':
../src/tcp_client.c:221:2: warning: 'return' with no value, in function returning non-void
  return;
  ^~~~~~
../src/tcp_client.c:202:14: note: declared here
 static err_t tcp_send_perf_traffic(void)
              ^~~~~~~~~~~~~~~~~~~~~
../src/tcp_client.c:259:5: warning: implicit declaration of function 'Xil_DCacheInvalidateRange' [-Wimplicit-function-declaration]
     Xil_DCacheInvalidateRange((u32)bufaddr + HEADER_SIZE, TCP_FIRST_SEND_SIZE);
     ^~~~~~~~~~~~~~~~~~~~~~~~~
../src/tcp_client.c:282:5: warning: 'return' with no value, in function returning non-void
     return;
     ^~~~~~
../src/tcp_client.c:202:14: note: declared here
 static err_t tcp_send_perf_traffic(void)
              ^~~~~~~~~~~~~~~~~~~~~
../src/tcp_client.c:287:5: warning: 'return' with no value, in function returning non-void
     return;
     ^~~~~~
../src/tcp_client.c:202:14: note: declared here
 static err_t tcp_send_perf_traffic(void)
              ^~~~~~~~~~~~~~~~~~~~~
../src/tcp_client.c:304:5: warning: implicit declaration of function 'usleep'; did you mean 'fseek'? [-Wimplicit-function-declaration]
     usleep(10000);
     ^~~~~~
     fseek
../src/tcp_client.c:310:5: warning: implicit declaration of function 'adc_init'; did you mean 'axiadc_init'? [-Wimplicit-function-declaration]
     adc_init();
     ^~~~~~~~
     axiadc_init
../src/tcp_client.c: At top level:
../src/tcp_client.c:472:6: warning: conflicting types for 'adc_init'
 void adc_init(void)
      ^~~~~~~~
../src/tcp_client.c:310:5: note: previous implicit declaration of 'adc_init' was here
     adc_init();
     ^~~~~~~~
../src/tcp_client.c: In function 'start_application':
../src/tcp_client.c:495:8: warning: unused variable 'i' [-Wunused-variable]
  u32_t i;
        ^
../src/tcp_client.c: In function 'tcp_send_perf_traffic':
../src/tcp_client.c:281:5: warning: 'err' may be used uninitialized in this function [-Wmaybe-uninitialized]
     xil_printf("txperf: Error on tcp_write: %d\r\n", err);
     ^~~~~~~~~~~~~~~~~~~~~~~~~~~~~~~~~~~~~~~~~~~~~~~~~~~~~
'Finished building: ../src/tcp_client.c'
' '
'Building target: tcp_9361.elf'
'Invoking: ARM v7 gcc linker'
arm-none-eabi-gcc -mcpu=cortex-a9 -mfpu=vfpv3 -mfloat-abi=hard -Wl,-build-id=none -specs=Xilinx.spec -Wl,-T -Wl,../src/lscript.ld -LD:/Vivado_2019/Ming_Jian/16QAM/16M_16QAM/zed_9361_1107_1Msys/soc_vitis/zed_9361_tcp/export/zed_9361_tcp/sw/zed_9361_tcp/standalone_domain/bsplib/lib -o "tcp_9361.elf"  ./src/ad9361.o ./src/ad9361_api.o ./src/ad9361_conv.o ./src/axi_lite.o ./src/i2c_access.o ./src/iic_phyreset.o ./src/main.o ./src/pl_intr.o ./src/platform.o ./src/platform_zynq.o ./src/sccb_iic.o ./src/sfp.o ./src/si5324.o ./src/sys_intr.o ./src/tcp_client.o ./src/util.o   -Wl,--start-group,-lxil,-lgcc,-lc,--end-group -Wl,--start-group,-lxil,-llwip4,-lgcc,-lc,--end-group
'Finished building target: tcp_9361.elf'
' '
'Invoking: ARM v7 Print Size'
arm-none-eabi-size tcp_9361.elf  |tee "tcp_9361.elf.size"
   text	   data	    bss	    dec	    hex	filename
 252116	   4920	9558320	9815356	 95c53c	tcp_9361.elf
'Finished building: tcp_9361.elf.size'
' '

22:01:26 Build Finished (took 8s.438ms)

